NP_000008.1 	 105 	 ILE 	 ASN 	 0.648788393 	  	 0 	 ACADS 	 
NP_000008.1 	 108 	 GLY 	 SER 	 0.336976707 	  	 0.0041 	 ACADS 	 
